{
  "version": "1.5.0",
  "plugins_used": [
    {
      "name": "ArtifactoryDetector"
    },
    {
      "name": "AWSKeyDetector"
    },
    {
      "name": "AzureStorageKeyDetector"
    },
    {
      "name": "Base64HighEntropyString",
      "limit": 4.5
    },
    {
      "name": "BasicAuthDetector"
    },
    {
      "name": "CloudantDetector"
    },
    {
      "name": "DiscordBotTokenDetector"
    },
    {
      "name": "GitHubTokenDetector"
    },
    {
      "name": "GitLabTokenDetector"
    },
    {
      "name": "HexHighEntropyString",
      "limit": 3.0
    },
    {
      "name": "IbmCloudIamDetector"
    },
    {
      "name": "IbmCosHmacDetector"
    },
    {
      "name": "IPPublicDetector"
    },
    {
      "name": "JwtTokenDetector"
    },
    {
      "name": "KeywordDetector",
      "keyword_exclude": ""
    },
    {
      "name": "MailchimpDetector"
    },
    {
      "name": "NpmDetector"
    },
    {
      "name": "OpenAIDetector"
    },
    {
      "name": "PrivateKeyDetector"
    },
    {
      "name": "PypiTokenDetector"
    },
    {
      "name": "SendGridDetector"
    },
    {
      "name": "SlackDetector"
    },
    {
      "name": "SoftlayerDetector"
    },
    {
      "name": "SquareOAuthDetector"
    },
    {
      "name": "StripeDetector"
    },
    {
      "name": "TelegramBotTokenDetector"
    },
    {
      "name": "TwilioKeyDetector"
    }
  ],
  "filters_used": [
    {
      "path": "detect_secrets.filters.allowlist.is_line_allowlisted"
    },
    {
      "path": "detect_secrets.filters.common.is_baseline_file",
      "filename": ".secrets.baseline"
    },
    {
      "path": "detect_secrets.filters.common.is_ignored_due_to_verification_policies",
      "min_level": 2
    },
    {
      "path": "detect_secrets.filters.heuristic.is_indirect_reference"
    },
    {
      "path": "detect_secrets.filters.heuristic.is_likely_id_string"
    },
    {
      "path": "detect_secrets.filters.heuristic.is_lock_file"
    },
    {
      "path": "detect_secrets.filters.heuristic.is_not_alphanumeric_string"
    },
    {
      "path": "detect_secrets.filters.heuristic.is_potential_uuid"
    },
    {
      "path": "detect_secrets.filters.heuristic.is_prefixed_with_dollar_sign"
    },
    {
      "path": "detect_secrets.filters.heuristic.is_sequential_string"
    },
    {
      "path": "detect_secrets.filters.heuristic.is_swagger_file"
    },
    {
      "path": "detect_secrets.filters.heuristic.is_templated_secret"
    },
    {
      "path": "detect_secrets.filters.regex.should_exclude_file",
      "pattern": [
        "\\.venv|__pycache__|\\.git|\\.egg-info"
      ]
    }
  ],
  "results": {
    "SECURITY_AUDIT_2026-01-08.md": [
      {
        "type": "Private Key",
        "filename": "SECURITY_AUDIT_2026-01-08.md",
        "hashed_secret": "1348b145fa1a555461c1b790a2f66614781091e9",
        "is_verified": false,
        "line_number": 40
      },
      {
        "type": "Secret Keyword",
        "filename": "SECURITY_AUDIT_2026-01-08.md",
        "hashed_secret": "25b561ecbe5824ae2cc01e40c8416b212cf2a14f",
        "is_verified": false,
        "line_number": 41
      }
    ],
    "Start-RexSpeak.ps1": [
      {
        "type": "Secret Keyword",
        "filename": "Start-RexSpeak.ps1",
        "hashed_secret": "bcd501b97ae549dcf92a1db12fd33da3b2ec67ea",
        "is_verified": false,
        "line_number": 1
      }
    ],
    "config/rex_config.example.json": [
      {
        "type": "Secret Keyword",
        "filename": "config/rex_config.example.json",
        "hashed_secret": "1824173a4a5aacf3b0f3c42098a83de2fc3f1e32",
        "is_verified": false,
        "line_number": 171
      }
    ],
    "docs/api.md": [
      {
        "type": "Secret Keyword",
        "filename": "docs/api.md",
        "hashed_secret": "08cd923367890009657eab812753379bdb321eeb",
        "is_verified": false,
        "line_number": 234
      }
    ],
    "docs/browser_os.md": [
      {
        "type": "Secret Keyword",
        "filename": "docs/browser_os.md",
        "hashed_secret": "564e340cd48437d2dfe876ee154cc99dc4d0d137",
        "is_verified": false,
        "line_number": 125
      }
    ],
    "docs/contracts.md": [
      {
        "type": "Secret Keyword",
        "filename": "docs/contracts.md",
        "hashed_secret": "e673920b7e2660b157b1e094c31d812a188b8c6e",
        "is_verified": false,
        "line_number": 156
      },
      {
        "type": "Secret Keyword",
        "filename": "docs/contracts.md",
        "hashed_secret": "f3bbbd66a63d4bf1747940578ec3d0103530e21d",
        "is_verified": false,
        "line_number": 158
      }
    ],
    "docs/dashboard.md": [
      {
        "type": "Secret Keyword",
        "filename": "docs/dashboard.md",
        "hashed_secret": "a6778f1880744bd1a342a8e3789135412d8f9da2",
        "is_verified": false,
        "line_number": 45
      }
    ],
    "docs/memory.md": [
      {
        "type": "Secret Keyword",
        "filename": "docs/memory.md",
        "hashed_secret": "f2b14f68eb995facb3a1c35287b778d5bd785511",
        "is_verified": false,
        "line_number": 117
      },
      {
        "type": "Secret Keyword",
        "filename": "docs/memory.md",
        "hashed_secret": "b60d121b438a380c343d5ec3c2037564b82ffef3",
        "is_verified": false,
        "line_number": 156
      }
    ],
    "docs/security/SECRET-SCAN.md": [
      {
        "type": "Private Key",
        "filename": "docs/security/SECRET-SCAN.md",
        "hashed_secret": "1348b145fa1a555461c1b790a2f66614781091e9",
        "is_verified": false,
        "line_number": 46
      },
      {
        "type": "Secret Keyword",
        "filename": "docs/security/SECRET-SCAN.md",
        "hashed_secret": "bcd501b97ae549dcf92a1db12fd33da3b2ec67ea",
        "is_verified": false,
        "line_number": 54
      },
      {
        "type": "Secret Keyword",
        "filename": "docs/security/SECRET-SCAN.md",
        "hashed_secret": "fa9beb99e4029ad5a6615399e7bbae21356086b3",
        "is_verified": false,
        "line_number": 56
      },
      {
        "type": "Secret Keyword",
        "filename": "docs/security/SECRET-SCAN.md",
        "hashed_secret": "1824173a4a5aacf3b0f3c42098a83de2fc3f1e32",
        "is_verified": false,
        "line_number": 58
      },
      {
        "type": "Secret Keyword",
        "filename": "docs/security/SECRET-SCAN.md",
        "hashed_secret": "939bb46a04c3640c8c427e92b1b557e882e2d2a0",
        "is_verified": false,
        "line_number": 64
      }
    ],
    "docs/wordpress_woocommerce.md": [
      {
        "type": "Secret Keyword",
        "filename": "docs/wordpress_woocommerce.md",
        "hashed_secret": "1824173a4a5aacf3b0f3c42098a83de2fc3f1e32",
        "is_verified": false,
        "line_number": 87
      },
      {
        "type": "Secret Keyword",
        "filename": "docs/wordpress_woocommerce.md",
        "hashed_secret": "5300a6045eec9dc176dedfdd061c4f73ee726de2",
        "is_verified": false,
        "line_number": 118
      }
    ],
    "gui/src/main/index.ts": [
      {
        "type": "Secret Keyword",
        "filename": "gui/src/main/index.ts",
        "hashed_secret": "ecb252044b5ea0f679ee78ec1a12904739e2904d",
        "is_verified": false,
        "line_number": 184
      }
    ],
    "gui/src/pages/SettingsPage.tsx": [
      {
        "type": "Secret Keyword",
        "filename": "gui/src/pages/SettingsPage.tsx",
        "hashed_secret": "ecb252044b5ea0f679ee78ec1a12904739e2904d",
        "is_verified": false,
        "line_number": 1239
      },
      {
        "type": "Twilio API Key",
        "filename": "gui/src/pages/SettingsPage.tsx",
        "hashed_secret": "3c7206eff845bc69cf12d904d0f95f9aec15535e",
        "is_verified": false,
        "line_number": 1453
      }
    ],
    "rex/contracts/core.py": [
      {
        "type": "Secret Keyword",
        "filename": "rex/contracts/core.py",
        "hashed_secret": "f2b14f68eb995facb3a1c35287b778d5bd785511",
        "is_verified": false,
        "line_number": 118
      },
      {
        "type": "Secret Keyword",
        "filename": "rex/contracts/core.py",
        "hashed_secret": "f3bbbd66a63d4bf1747940578ec3d0103530e21d",
        "is_verified": false,
        "line_number": 121
      }
    ],
    "rex/gui_app.py": [
      {
        "type": "Secret Keyword",
        "filename": "rex/gui_app.py",
        "hashed_secret": "c81a6243fd91dd24adbc650fc11bc4d474cc5d64",
        "is_verified": false,
        "line_number": 27
      }
    ],
    "rex/llm_client.py": [
      {
        "type": "Secret Keyword",
        "filename": "rex/llm_client.py",
        "hashed_secret": "939bb46a04c3640c8c427e92b1b557e882e2d2a0",
        "is_verified": false,
        "line_number": 414
      }
    ],
    "rex/woocommerce/config.py": [
      {
        "type": "Secret Keyword",
        "filename": "rex/woocommerce/config.py",
        "hashed_secret": "1824173a4a5aacf3b0f3c42098a83de2fc3f1e32",
        "is_verified": false,
        "line_number": 13
      }
    ],
    "scripts/doctor.py": [
      {
        "type": "Secret Keyword",
        "filename": "scripts/doctor.py",
        "hashed_secret": "05db362eb96f78a4f2710270c03aab1bb7d75824",
        "is_verified": false,
        "line_number": 68
      },
      {
        "type": "Secret Keyword",
        "filename": "scripts/doctor.py",
        "hashed_secret": "ca939e174e8dd5bba081a4cbbbcfb892bfc92099",
        "is_verified": false,
        "line_number": 77
      }
    ],
    "tests/test_audit.py": [
      {
        "type": "Secret Keyword",
        "filename": "tests/test_audit.py",
        "hashed_secret": "f3bbbd66a63d4bf1747940578ec3d0103530e21d",
        "is_verified": false,
        "line_number": 393
      },
      {
        "type": "Secret Keyword",
        "filename": "tests/test_audit.py",
        "hashed_secret": "13951588fd3325e25ed1e3b116d7009fb221c85e",
        "is_verified": false,
        "line_number": 412
      },
      {
        "type": "Secret Keyword",
        "filename": "tests/test_audit.py",
        "hashed_secret": "1bf2c476daa25319c33fabbcc8208a567b7059c4",
        "is_verified": false,
        "line_number": 432
      }
    ],
    "tests/test_cli_memory_kb.py": [
      {
        "type": "Secret Keyword",
        "filename": "tests/test_cli_memory_kb.py",
        "hashed_secret": "e5e9fa1ba31ecd1ae84f75caaa474f3a663f05f4",
        "is_verified": false,
        "line_number": 161
      },
      {
        "type": "Secret Keyword",
        "filename": "tests/test_cli_memory_kb.py",
        "hashed_secret": "f2b14f68eb995facb3a1c35287b778d5bd785511",
        "is_verified": false,
        "line_number": 256
      }
    ],
    "tests/test_config_loading.py": [
      {
        "type": "Secret Keyword",
        "filename": "tests/test_config_loading.py",
        "hashed_secret": "cd5238718a920d374b596fb87cb6ee2957ebfd47",
        "is_verified": false,
        "line_number": 119
      },
      {
        "type": "Secret Keyword",
        "filename": "tests/test_config_loading.py",
        "hashed_secret": "90e7925b49088e75fa15dc08cc4a68f4ce41cfc2",
        "is_verified": false,
        "line_number": 133
      },
      {
        "type": "Secret Keyword",
        "filename": "tests/test_config_loading.py",
        "hashed_secret": "04e709a762c8dceb6407fcf8cab7f1cbb394bfe0",
        "is_verified": false,
        "line_number": 147
      }
    ],
    "tests/test_contracts_core.py": [
      {
        "type": "Secret Keyword",
        "filename": "tests/test_contracts_core.py",
        "hashed_secret": "f3bbbd66a63d4bf1747940578ec3d0103530e21d",
        "is_verified": false,
        "line_number": 246
      },
      {
        "type": "Secret Keyword",
        "filename": "tests/test_contracts_core.py",
        "hashed_secret": "ec417f567082612f8fd6afafe1abcab831fca840",
        "is_verified": false,
        "line_number": 253
      },
      {
        "type": "Secret Keyword",
        "filename": "tests/test_contracts_core.py",
        "hashed_secret": "f2b14f68eb995facb3a1c35287b778d5bd785511",
        "is_verified": false,
        "line_number": 260
      },
      {
        "type": "Secret Keyword",
        "filename": "tests/test_contracts_core.py",
        "hashed_secret": "e5e9fa1ba31ecd1ae84f75caaa474f3a663f05f4",
        "is_verified": false,
        "line_number": 275
      },
      {
        "type": "Secret Keyword",
        "filename": "tests/test_contracts_core.py",
        "hashed_secret": "d3c2bc9581d6256fe2dad6808f435854e46b172f",
        "is_verified": false,
        "line_number": 304
      }
    ],
    "tests/test_credentials.py": [
      {
        "type": "Secret Keyword",
        "filename": "tests/test_credentials.py",
        "hashed_secret": "34e90a380220494fbcdccde1a6393aa6202de67d",
        "is_verified": false,
        "line_number": 105
      }
    ],
    "tests/test_dashboard.py": [
      {
        "type": "Secret Keyword",
        "filename": "tests/test_dashboard.py",
        "hashed_secret": "f2b14f68eb995facb3a1c35287b778d5bd785511",
        "is_verified": false,
        "line_number": 569
      },
      {
        "type": "Secret Keyword",
        "filename": "tests/test_dashboard.py",
        "hashed_secret": "f3bbbd66a63d4bf1747940578ec3d0103530e21d",
        "is_verified": false,
        "line_number": 572
      }
    ],
    "tests/test_doctor.py": [
      {
        "type": "Secret Keyword",
        "filename": "tests/test_doctor.py",
        "hashed_secret": "1bdb819b553a3ebcdf42833ea0e5c05b8dac455c",
        "is_verified": false,
        "line_number": 235
      },
      {
        "type": "Secret Keyword",
        "filename": "tests/test_doctor.py",
        "hashed_secret": "e9a5f12a8ecbb3eb46eca5096b5c52aa5e7c9fdd",
        "is_verified": false,
        "line_number": 244
      },
      {
        "type": "Secret Keyword",
        "filename": "tests/test_doctor.py",
        "hashed_secret": "c95e9eaf5790ef499bffb018e5b987828c3b859a",
        "is_verified": false,
        "line_number": 245
      },
      {
        "type": "Secret Keyword",
        "filename": "tests/test_doctor.py",
        "hashed_secret": "8114d9d7fe3c7fc6607d62f9dba73b1735f0f603",
        "is_verified": false,
        "line_number": 246
      },
      {
        "type": "Secret Keyword",
        "filename": "tests/test_doctor.py",
        "hashed_secret": "36720103eba673a1ee24cdbb4aaff331a822b4fa",
        "is_verified": false,
        "line_number": 247
      },
      {
        "type": "Secret Keyword",
        "filename": "tests/test_doctor.py",
        "hashed_secret": "b850f62fd8bf72543ed501d74c94526f2fa3ceea",
        "is_verified": false,
        "line_number": 248
      }
    ],
    "tests/test_email_backend_imap_smtp.py": [
      {
        "type": "Secret Keyword",
        "filename": "tests/test_email_backend_imap_smtp.py",
        "hashed_secret": "e5e9fa1ba31ecd1ae84f75caaa474f3a663f05f4",
        "is_verified": false,
        "line_number": 145
      }
    ],
    "tests/test_env_writer.py": [
      {
        "type": "Secret Keyword",
        "filename": "tests/test_env_writer.py",
        "hashed_secret": "1bdb819b553a3ebcdf42833ea0e5c05b8dac455c",
        "is_verified": false,
        "line_number": 65
      },
      {
        "type": "Secret Keyword",
        "filename": "tests/test_env_writer.py",
        "hashed_secret": "4e102bd8782fca6a54e1f830dc08e005801be918",
        "is_verified": false,
        "line_number": 110
      }
    ],
    "tests/test_ha_tts.py": [
      {
        "type": "Basic Auth Credentials",
        "filename": "tests/test_ha_tts.py",
        "hashed_secret": "9d4e1e23bd5b727046a9e3b4b7db57bd8d6ee684",
        "is_verified": false,
        "line_number": 175
      }
    ],
    "tests/test_notification_sse.py": [
      {
        "type": "Secret Keyword",
        "filename": "tests/test_notification_sse.py",
        "hashed_secret": "789cbe0407840b1c2041cb33452ff60f19bf58cc",
        "is_verified": false,
        "line_number": 83
      }
    ],
    "tests/test_twilio_signature.py": [
      {
        "type": "Hex High Entropy String",
        "filename": "tests/test_twilio_signature.py",
        "hashed_secret": "7b2ffe2657e96722e0966d523a92ad7473e9fe72",
        "is_verified": false,
        "line_number": 18
      }
    ],
    "tests/test_us016_provider_routing.py": [
      {
        "type": "Secret Keyword",
        "filename": "tests/test_us016_provider_routing.py",
        "hashed_secret": "a62f2225bf70bfaccbc7f1ef2a397836717377de",
        "is_verified": false,
        "line_number": 79
      }
    ],
    "tests/test_us042_ha_api_connection.py": [
      {
        "type": "Secret Keyword",
        "filename": "tests/test_us042_ha_api_connection.py",
        "hashed_secret": "e2b11b2ed070b77e4b45630e0e59171ae5b2b674",
        "is_verified": false,
        "line_number": 116
      }
    ],
    "tests/test_us044_email_integration.py": [
      {
        "type": "Secret Keyword",
        "filename": "tests/test_us044_email_integration.py",
        "hashed_secret": "e5e9fa1ba31ecd1ae84f75caaa474f3a663f05f4",
        "is_verified": false,
        "line_number": 50
      }
    ],
    "tests/test_us046_dashboard_server.py": [
      {
        "type": "Secret Keyword",
        "filename": "tests/test_us046_dashboard_server.py",
        "hashed_secret": "fe1bae27cb7c1fb823f496f286e78f1d2ae87734",
        "is_verified": false,
        "line_number": 23
      },
      {
        "type": "Secret Keyword",
        "filename": "tests/test_us046_dashboard_server.py",
        "hashed_secret": "a4b48a81cdab1e1a5dd37907d6c85ca1c61ddc7c",
        "is_verified": false,
        "line_number": 73
      }
    ],
    "tests/test_us047_dashboard_auth.py": [
      {
        "type": "Secret Keyword",
        "filename": "tests/test_us047_dashboard_auth.py",
        "hashed_secret": "fe1bae27cb7c1fb823f496f286e78f1d2ae87734",
        "is_verified": false,
        "line_number": 39
      },
      {
        "type": "Secret Keyword",
        "filename": "tests/test_us047_dashboard_auth.py",
        "hashed_secret": "25ab86bed149ca6ca9c1c0d5db7c9a91388ddeab",
        "is_verified": false,
        "line_number": 69
      },
      {
        "type": "Secret Keyword",
        "filename": "tests/test_us047_dashboard_auth.py",
        "hashed_secret": "a4b48a81cdab1e1a5dd37907d6c85ca1c61ddc7c",
        "is_verified": false,
        "line_number": 231
      },
      {
        "type": "Secret Keyword",
        "filename": "tests/test_us047_dashboard_auth.py",
        "hashed_secret": "1902e3d6fc4e78a0bcc50ba12b882769afbf4a8c",
        "is_verified": false,
        "line_number": 302
      }
    ],
    "tests/test_us050_web_ui_server.py": [
      {
        "type": "Secret Keyword",
        "filename": "tests/test_us050_web_ui_server.py",
        "hashed_secret": "30acb36cc693d195ff0993f2134b3b472ecaf971",
        "is_verified": false,
        "line_number": 24
      }
    ],
    "tests/test_us051_chat_interface.py": [
      {
        "type": "Secret Keyword",
        "filename": "tests/test_us051_chat_interface.py",
        "hashed_secret": "a2858fa3b92969e82aae9d5407d80faf67ab7516",
        "is_verified": false,
        "line_number": 47
      }
    ],
    "tests/test_us056_github_actions.py": [
      {
        "type": "Hex High Entropy String",
        "filename": "tests/test_us056_github_actions.py",
        "hashed_secret": "90bd1b48e958257948487b90bee080ba5ed00caa",
        "is_verified": false,
        "line_number": 156
      }
    ],
    "tests/test_us094_input_validation.py": [
      {
        "type": "Secret Keyword",
        "filename": "tests/test_us094_input_validation.py",
        "hashed_secret": "fe1bae27cb7c1fb823f496f286e78f1d2ae87734",
        "is_verified": false,
        "line_number": 42
      },
      {
        "type": "Secret Keyword",
        "filename": "tests/test_us094_input_validation.py",
        "hashed_secret": "b653891162a040e1bfe6e436bdcd93827e0c56e5",
        "is_verified": false,
        "line_number": 330
      }
    ],
    "tests/test_us095_auth_session_security.py": [
      {
        "type": "Secret Keyword",
        "filename": "tests/test_us095_auth_session_security.py",
        "hashed_secret": "8f496788bffe8b052feeb2c64bbf8e38bdaec69b",
        "is_verified": false,
        "line_number": 264
      },
      {
        "type": "Secret Keyword",
        "filename": "tests/test_us095_auth_session_security.py",
        "hashed_secret": "a4b48a81cdab1e1a5dd37907d6c85ca1c61ddc7c",
        "is_verified": false,
        "line_number": 274
      }
    ],
    "tests/test_us104_error_envelope.py": [
      {
        "type": "Secret Keyword",
        "filename": "tests/test_us104_error_envelope.py",
        "hashed_secret": "fe1bae27cb7c1fb823f496f286e78f1d2ae87734",
        "is_verified": false,
        "line_number": 127
      },
      {
        "type": "Secret Keyword",
        "filename": "tests/test_us104_error_envelope.py",
        "hashed_secret": "eb405a2ca739b72d0316d90eaf47d74557a0f390",
        "is_verified": false,
        "line_number": 137
      },
      {
        "type": "Secret Keyword",
        "filename": "tests/test_us104_error_envelope.py",
        "hashed_secret": "a4b48a81cdab1e1a5dd37907d6c85ca1c61ddc7c",
        "is_verified": false,
        "line_number": 160
      },
      {
        "type": "Secret Keyword",
        "filename": "tests/test_us104_error_envelope.py",
        "hashed_secret": "f2b14f68eb995facb3a1c35287b778d5bd785511",
        "is_verified": false,
        "line_number": 458
      }
    ],
    "tests/test_us109_request_response_logging.py": [
      {
        "type": "Secret Keyword",
        "filename": "tests/test_us109_request_response_logging.py",
        "hashed_secret": "10eb5a758459a052469c09f5cd56bab6036af011",
        "is_verified": false,
        "line_number": 155
      },
      {
        "type": "Secret Keyword",
        "filename": "tests/test_us109_request_response_logging.py",
        "hashed_secret": "968c73e728bb8d01bf7e5b0e40cd943f28ce1d42",
        "is_verified": false,
        "line_number": 319
      }
    ],
    "tests/test_us118_request_validation.py": [
      {
        "type": "Secret Keyword",
        "filename": "tests/test_us118_request_validation.py",
        "hashed_secret": "e5e9fa1ba31ecd1ae84f75caaa474f3a663f05f4",
        "is_verified": false,
        "line_number": 267
      }
    ],
    "tests/test_us129_smoke.py": [
      {
        "type": "Secret Keyword",
        "filename": "tests/test_us129_smoke.py",
        "hashed_secret": "92db76065ff299059f8338a2aa1c83825ddd3992",
        "is_verified": false,
        "line_number": 139
      }
    ],
    "tests/test_us148_friendly_errors.py": [
      {
        "type": "Secret Keyword",
        "filename": "tests/test_us148_friendly_errors.py",
        "hashed_secret": "3acfb2c2b433c0ea7ff107e33df91b18e52f960f",
        "is_verified": false,
        "line_number": 149
      },
      {
        "type": "Secret Keyword",
        "filename": "tests/test_us148_friendly_errors.py",
        "hashed_secret": "380653fc1e1344144c6374d9cc14754bf51a5eed",
        "is_verified": false,
        "line_number": 285
      }
    ],
    "tests/test_us154_chat_backend.py": [
      {
        "type": "Secret Keyword",
        "filename": "tests/test_us154_chat_backend.py",
        "hashed_secret": "fe1bae27cb7c1fb823f496f286e78f1d2ae87734",
        "is_verified": false,
        "line_number": 52
      },
      {
        "type": "Secret Keyword",
        "filename": "tests/test_us154_chat_backend.py",
        "hashed_secret": "5ab367afb2487a8745e733b64b87076ba1cf8c4b",
        "is_verified": false,
        "line_number": 69
      }
    ],
    "tests/test_us155_chat_streaming.py": [
      {
        "type": "Secret Keyword",
        "filename": "tests/test_us155_chat_streaming.py",
        "hashed_secret": "58d32de76469f2175a1b9f649dfb49a250cd3883",
        "is_verified": false,
        "line_number": 41
      },
      {
        "type": "Secret Keyword",
        "filename": "tests/test_us155_chat_streaming.py",
        "hashed_secret": "f1f891f4ffeb751166a83928e7107510b72111e1",
        "is_verified": false,
        "line_number": 57
      }
    ],
    "tests/test_us156_voice_toggle.py": [
      {
        "type": "Secret Keyword",
        "filename": "tests/test_us156_voice_toggle.py",
        "hashed_secret": "20f246b66c41a5b27a244af0efb8e05785f1be83",
        "is_verified": false,
        "line_number": 50
      },
      {
        "type": "Secret Keyword",
        "filename": "tests/test_us156_voice_toggle.py",
        "hashed_secret": "d9640768e79c68b633aba911aa2c55d7cabc673e",
        "is_verified": false,
        "line_number": 66
      }
    ],
    "tests/test_us158_voice_transcript.py": [
      {
        "type": "Secret Keyword",
        "filename": "tests/test_us158_voice_transcript.py",
        "hashed_secret": "fe95078d3ce0a4aae43ba4acb619d86bd5375b29",
        "is_verified": false,
        "line_number": 41
      },
      {
        "type": "Secret Keyword",
        "filename": "tests/test_us158_voice_transcript.py",
        "hashed_secret": "2326a850910580fbee64ca86036e5e41d4e9e0aa",
        "is_verified": false,
        "line_number": 57
      }
    ],
    "tests/test_us159_schedule_list.py": [
      {
        "type": "Secret Keyword",
        "filename": "tests/test_us159_schedule_list.py",
        "hashed_secret": "8472ef0fbd7fbec73a6e16f6b823d30f1b8e19fb",
        "is_verified": false,
        "line_number": 41
      },
      {
        "type": "Secret Keyword",
        "filename": "tests/test_us159_schedule_list.py",
        "hashed_secret": "085b9fec0719ae033eeb0755bd19027ed652d501",
        "is_verified": false,
        "line_number": 57
      }
    ],
    "tests/test_us160_schedule_toggle.py": [
      {
        "type": "Secret Keyword",
        "filename": "tests/test_us160_schedule_toggle.py",
        "hashed_secret": "da0e8c48d2c1338a7ac0ad988f2b167a0502da05",
        "is_verified": false,
        "line_number": 42
      },
      {
        "type": "Secret Keyword",
        "filename": "tests/test_us160_schedule_toggle.py",
        "hashed_secret": "80cd444a5388b8d4377b0c38599389f68b5304a3",
        "is_verified": false,
        "line_number": 58
      }
    ],
    "tests/test_us162_overview_panel.py": [
      {
        "type": "Secret Keyword",
        "filename": "tests/test_us162_overview_panel.py",
        "hashed_secret": "3a2b07095728ca4aa7f73b9d83aaa6af147efba8",
        "is_verified": false,
        "line_number": 41
      },
      {
        "type": "Secret Keyword",
        "filename": "tests/test_us162_overview_panel.py",
        "hashed_secret": "7a67f3d2b5e7c2ede64570307835cf503b2bcef3",
        "is_verified": false,
        "line_number": 57
      }
    ],
    "tests/test_us173_voice_state_ui.py": [
      {
        "type": "Secret Keyword",
        "filename": "tests/test_us173_voice_state_ui.py",
        "hashed_secret": "f9579f7f6574795eb1dbff387f1da79afc28bf82",
        "is_verified": false,
        "line_number": 38
      },
      {
        "type": "Secret Keyword",
        "filename": "tests/test_us173_voice_state_ui.py",
        "hashed_secret": "d2303ffa85be1998568150d64bfe493b2bfe8db4",
        "is_verified": false,
        "line_number": 54
      }
    ],
    "tests/test_wc_write_actions.py": [
      {
        "type": "Secret Keyword",
        "filename": "tests/test_wc_write_actions.py",
        "hashed_secret": "1824173a4a5aacf3b0f3c42098a83de2fc3f1e32",
        "is_verified": false,
        "line_number": 93
      },
      {
        "type": "Secret Keyword",
        "filename": "tests/test_wc_write_actions.py",
        "hashed_secret": "9ef8f1362aa64d7a31f20326b090cb9f68433258",
        "is_verified": false,
        "line_number": 189
      },
      {
        "type": "Basic Auth Credentials",
        "filename": "tests/test_wc_write_actions.py",
        "hashed_secret": "9d4e1e23bd5b727046a9e3b4b7db57bd8d6ee684",
        "is_verified": false,
        "line_number": 1231
      }
    ],
    "tests/test_woocommerce.py": [
      {
        "type": "Secret Keyword",
        "filename": "tests/test_woocommerce.py",
        "hashed_secret": "1824173a4a5aacf3b0f3c42098a83de2fc3f1e32",
        "is_verified": false,
        "line_number": 195
      },
      {
        "type": "Secret Keyword",
        "filename": "tests/test_woocommerce.py",
        "hashed_secret": "9ef8f1362aa64d7a31f20326b090cb9f68433258",
        "is_verified": false,
        "line_number": 352
      },
      {
        "type": "Basic Auth Credentials",
        "filename": "tests/test_woocommerce.py",
        "hashed_secret": "9d4e1e23bd5b727046a9e3b4b7db57bd8d6ee684",
        "is_verified": false,
        "line_number": 850
      }
    ],
    "tests/test_wordpress.py": [
      {
        "type": "Basic Auth Credentials",
        "filename": "tests/test_wordpress.py",
        "hashed_secret": "9d4e1e23bd5b727046a9e3b4b7db57bd8d6ee684",
        "is_verified": false,
        "line_number": 415
      }
    ]
  },
  "generated_at": "2026-03-19T03:36:34Z"
}
